// Vitest Snapshot v1, https://vitest.dev/guide/snapshot.html

exports[`App > should match snapshot 1`] = `"<h3 class="MuiTypography-root MuiTypography-h3 css-gepadz-MuiTypography-root" id="counter">Counter: 0</h3><button class="MuiButtonBase-root MuiButton-root MuiButton-contained MuiButton-containedPrimary MuiButton-sizeMedium MuiButton-containedSizeMedium MuiButton-root MuiButton-contained MuiButton-containedPrimary MuiButton-sizeMedium MuiButton-containedSizeMedium css-sghohy-MuiButtonBase-root-MuiButton-root" tabindex="0" type="button" id="clickMe">Click me!<span class="MuiTouchRipple-root css-8je8zh-MuiTouchRipple-root"></span></button>"`;
